
> ai-career-platform@0.1.0 build
> next build

Γû▓ Next.js 16.1.6 (Turbopack)
- Environments: .env.local, .env

  Creating an optimized production build ...
Γ£ô Compiled successfully in 4.2s
  Running TypeScript ...
  Collecting page data using 15 workers ...
  Generating static pages using 15 workers (0/14) ...
  Generating static pages using 15 workers (3/14) 
  Generating static pages using 15 workers (6/14) 
  Generating static pages using 15 workers (10/14) 
Γ£ô Generating static pages using 15 workers (14/14) in 1150.4ms
  Finalizing page optimization ...

Route (app)
Γöî Γùï /
Γö£ Γùï /_not-found
Γö£ ╞Æ /api/analyses
Γö£ ╞Æ /api/auth/login
Γö£ ╞Æ /api/auth/signup
Γö£ ╞Æ /api/interview
Γö£ ╞Æ /api/job-match
Γö£ ╞Æ /api/upload
Γö£ Γùï /interview
Γö£ Γùï /job-match
Γö£ Γùï /login
Γöö Γùï /resume


Γùï  (Static)   prerendered as static content
╞Æ  (Dynamic)  server-rendered on demand

